../Core/Src/MT16S2H.c:6:6:lcdBitMode	16	static
../Core/Src/MT16S2H.c:12:6:lcdInit	8	static
../Core/Src/MT16S2H.c:52:6:lcdClear	8	static
../Core/Src/MT16S2H.c:58:6:sendCmd	16	static
../Core/Src/MT16S2H.c:64:6:sendData	16	static
../Core/Src/MT16S2H.c:70:6:lcdWrite	16	static
../Core/Src/MT16S2H.c:78:6:lcdWriteNum	16	static
../Core/Src/MT16S2H.c:83:6:lcd8bitSend	16	static
../Core/Src/MT16S2H.c:97:6:lcd4bitSend	16	static
../Core/Src/MT16S2H.c:106:6:lcdSend	16	static
../Core/Src/MT16S2H.c:116:6:EnSend	8	static
../Core/Src/MT16S2H.c:124:6:setCursor	24	static
../Core/Src/MT16S2H.c:141:6:cursorOn	8	static
../Core/Src/MT16S2H.c:146:6:blinkOn	8	static
../Core/Src/MT16S2H.c:151:9:Rus	16	static
