Archive member included to satisfy reference by file (symbol)

c:/st/stm32cubeide_1.11.0/stm32cubeide/plugins/com.st.stm32cube.ide.mcu.externaltools.gnu-tools-for-stm32.10.3-2021.10.win32_1.0.100.202210260954/tools/bin/../lib/gcc/arm-none-eabi/10.3.1/../../../../arm-none-eabi/lib/thumb/v6-m/nofp\libc_nano.a(lib_a-errno.o)
                              ./Core/Src/syscalls.o (__errno)
c:/st/stm32cubeide_1.11.0/stm32cubeide/plugins/com.st.stm32cube.ide.mcu.externaltools.gnu-tools-for-stm32.10.3-2021.10.win32_1.0.100.202210260954/tools/bin/../lib/gcc/arm-none-eabi/10.3.1/../../../../arm-none-eabi/lib/thumb/v6-m/nofp\libc_nano.a(lib_a-exit.o)
                              c:/st/stm32cubeide_1.11.0/stm32cubeide/plugins/com.st.stm32cube.ide.mcu.externaltools.gnu-tools-for-stm32.10.3-2021.10.win32_1.0.100.202210260954/tools/bin/../lib/gcc/arm-none-eabi/10.3.1/../../../../arm-none-eabi/lib/thumb/v6-m/nofp/crt0.o (exit)
c:/st/stm32cubeide_1.11.0/stm32cubeide/plugins/com.st.stm32cube.ide.mcu.externaltools.gnu-tools-for-stm32.10.3-2021.10.win32_1.0.100.202210260954/tools/bin/../lib/gcc/arm-none-eabi/10.3.1/../../../../arm-none-eabi/lib/thumb/v6-m/nofp\libc_nano.a(lib_a-impure.o)
                              c:/st/stm32cubeide_1.11.0/stm32cubeide/plugins/com.st.stm32cube.ide.mcu.externaltools.gnu-tools-for-stm32.10.3-2021.10.win32_1.0.100.202210260954/tools/bin/../lib/gcc/arm-none-eabi/10.3.1/../../../../arm-none-eabi/lib/thumb/v6-m/nofp\libc_nano.a(lib_a-exit.o) (_global_impure_ptr)
c:/st/stm32cubeide_1.11.0/stm32cubeide/plugins/com.st.stm32cube.ide.mcu.externaltools.gnu-tools-for-stm32.10.3-2021.10.win32_1.0.100.202210260954/tools/bin/../lib/gcc/arm-none-eabi/10.3.1/../../../../arm-none-eabi/lib/thumb/v6-m/nofp\libc_nano.a(lib_a-init.o)
                              c:/st/stm32cubeide_1.11.0/stm32cubeide/plugins/com.st.stm32cube.ide.mcu.externaltools.gnu-tools-for-stm32.10.3-2021.10.win32_1.0.100.202210260954/tools/bin/../lib/gcc/arm-none-eabi/10.3.1/../../../../arm-none-eabi/lib/thumb/v6-m/nofp/crt0.o (__libc_init_array)
c:/st/stm32cubeide_1.11.0/stm32cubeide/plugins/com.st.stm32cube.ide.mcu.externaltools.gnu-tools-for-stm32.10.3-2021.10.win32_1.0.100.202210260954/tools/bin/../lib/gcc/arm-none-eabi/10.3.1/../../../../arm-none-eabi/lib/thumb/v6-m/nofp\libc_nano.a(lib_a-memset.o)
                              c:/st/stm32cubeide_1.11.0/stm32cubeide/plugins/com.st.stm32cube.ide.mcu.externaltools.gnu-tools-for-stm32.10.3-2021.10.win32_1.0.100.202210260954/tools/bin/../lib/gcc/arm-none-eabi/10.3.1/../../../../arm-none-eabi/lib/thumb/v6-m/nofp/crt0.o (memset)
c:/st/stm32cubeide_1.11.0/stm32cubeide/plugins/com.st.stm32cube.ide.mcu.externaltools.gnu-tools-for-stm32.10.3-2021.10.win32_1.0.100.202210260954/tools/bin/../lib/gcc/arm-none-eabi/10.3.1/thumb/v6-m/nofp\libgcc.a(_udivsi3.o)
                              ./Core/Src/main.o (__aeabi_uidiv)
c:/st/stm32cubeide_1.11.0/stm32cubeide/plugins/com.st.stm32cube.ide.mcu.externaltools.gnu-tools-for-stm32.10.3-2021.10.win32_1.0.100.202210260954/tools/bin/../lib/gcc/arm-none-eabi/10.3.1/thumb/v6-m/nofp\libgcc.a(_dvmd_tls.o)
                              c:/st/stm32cubeide_1.11.0/stm32cubeide/plugins/com.st.stm32cube.ide.mcu.externaltools.gnu-tools-for-stm32.10.3-2021.10.win32_1.0.100.202210260954/tools/bin/../lib/gcc/arm-none-eabi/10.3.1/thumb/v6-m/nofp\libgcc.a(_udivsi3.o) (__aeabi_idiv0)

Discarded input sections

 .text          0x0000000000000000        0x0 c:/st/stm32cubeide_1.11.0/stm32cubeide/plugins/com.st.stm32cube.ide.mcu.externaltools.gnu-tools-for-stm32.10.3-2021.10.win32_1.0.100.202210260954/tools/bin/../lib/gcc/arm-none-eabi/10.3.1/thumb/v6-m/nofp/crti.o
 .data          0x0000000000000000        0x0 c:/st/stm32cubeide_1.11.0/stm32cubeide/plugins/com.st.stm32cube.ide.mcu.externaltools.gnu-tools-for-stm32.10.3-2021.10.win32_1.0.100.202210260954/tools/bin/../lib/gcc/arm-none-eabi/10.3.1/thumb/v6-m/nofp/crti.o
 .bss           0x0000000000000000        0x0 c:/st/stm32cubeide_1.11.0/stm32cubeide/plugins/com.st.stm32cube.ide.mcu.externaltools.gnu-tools-for-stm32.10.3-2021.10.win32_1.0.100.202210260954/tools/bin/../lib/gcc/arm-none-eabi/10.3.1/thumb/v6-m/nofp/crti.o
 .data          0x0000000000000000        0x4 c:/st/stm32cubeide_1.11.0/stm32cubeide/plugins/com.st.stm32cube.ide.mcu.externaltools.gnu-tools-for-stm32.10.3-2021.10.win32_1.0.100.202210260954/tools/bin/../lib/gcc/arm-none-eabi/10.3.1/thumb/v6-m/nofp/crtbegin.o
 .rodata        0x0000000000000000       0x24 c:/st/stm32cubeide_1.11.0/stm32cubeide/plugins/com.st.stm32cube.ide.mcu.externaltools.gnu-tools-for-stm32.10.3-2021.10.win32_1.0.100.202210260954/tools/bin/../lib/gcc/arm-none-eabi/10.3.1/thumb/v6-m/nofp/crtbegin.o
 .text          0x0000000000000000       0x80 c:/st/stm32cubeide_1.11.0/stm32cubeide/plugins/com.st.stm32cube.ide.mcu.externaltools.gnu-tools-for-stm32.10.3-2021.10.win32_1.0.100.202210260954/tools/bin/../lib/gcc/arm-none-eabi/10.3.1/../../../../arm-none-eabi/lib/thumb/v6-m/nofp/crt0.o
[...]
Memory Configuration

Name             Origin             Length             Attributes
RAM              0x0000000020000000 0x0000000000002000 xrw
FLASH            0x0000000008000000 0x0000000000010000 xr
*default*        0x0000000000000000 0xffffffffffffffff

Linker script and memory map

LOAD c:/st/stm32cubeide_1.11.0/stm32cubeide/plugins/com.st.stm32cube.ide.mcu.externaltools.gnu-tools-for-stm32.10.3-2021.10.win32_1.0.100.202210260954/tools/bin/../lib/gcc/arm-none-eabi/10.3.1/thumb/v6-m/nofp/crti.o
LOAD c:/st/stm32cubeide_1.11.0/stm32cubeide/plugins/com.st.stm32cube.ide.mcu.externaltools.gnu-tools-for-stm32.10.3-2021.10.win32_1.0.100.202210260954/tools/bin/../lib/gcc/arm-none-eabi/10.3.1/thumb/v6-m/nofp/crtbegin.o
LOAD c:/st/stm32cubeide_1.11.0/stm32cubeide/plugins/com.st.stm32cube.ide.mcu.externaltools.gnu-tools-for-stm32.10.3-2021.10.win32_1.0.100.202210260954/tools/bin/../lib/gcc/arm-none-eabi/10.3.1/../../../../arm-none-eabi/lib/thumb/v6-m/nofp/crt0.o
LOAD ./Core/Src/main.o
LOAD ./Core/Src/stm32f0xx_hal_msp.o
LOAD ./Core/Src/stm32f0xx_it.o
LOAD ./Core/Src/syscalls.o
LOAD ./Core/Src/sysmem.o
LOAD ./Core/Src/system_stm32f0xx.o
LOAD ./Core/Startup/startup_stm32f030r8tx.o
LOAD ./Drivers/STM32F0xx_HAL_Driver/Src/stm32f0xx_hal.o
LOAD ./Drivers/STM32F0xx_HAL_Driver/Src/stm32f0xx_hal_cortex.o
LOAD ./Drivers/STM32F0xx_HAL_Driver/Src/stm32f0xx_hal_dma.o
LOAD ./Drivers/STM32F0xx_HAL_Driver/Src/stm32f0xx_hal_exti.o
LOAD ./Drivers/STM32F0xx_HAL_Driver/Src/stm32f0xx_hal_flash.o
LOAD ./Drivers/STM32F0xx_HAL_Driver/Src/stm32f0xx_hal_flash_ex.o
LOAD ./Drivers/STM32F0xx_HAL_Driver/Src/stm32f0xx_hal_gpio.o
LOAD ./Drivers/STM32F0xx_HAL_Driver/Src/stm32f0xx_hal_i2c.o
LOAD ./Drivers/STM32F0xx_HAL_Driver/Src/stm32f0xx_hal_i2c_ex.o
LOAD ./Drivers/STM32F0xx_HAL_Driver/Src/stm32f0xx_hal_pwr.o
LOAD ./Drivers/STM32F0xx_HAL_Driver/Src/stm32f0xx_hal_pwr_ex.o
LOAD ./Drivers/STM32F0xx_HAL_Driver/Src/stm32f0xx_hal_rcc.o
LOAD ./Drivers/STM32F0xx_HAL_Driver/Src/stm32f0xx_hal_rcc_ex.o
LOAD ./Drivers/STM32F0xx_HAL_Driver/Src/stm32f0xx_hal_tim.o
LOAD ./Drivers/STM32F0xx_HAL_Driver/Src/stm32f0xx_hal_tim_ex.o
START GROUP
LOAD c:/st/stm32cubeide_1.11.0/stm32cubeide/plugins/com.st.stm32cube.ide.mcu.externaltools.gnu-tools-for-stm32.10.3-2021.10.win32_1.0.100.202210260954/tools/bin/../lib/gcc/arm-none-eabi/10.3.1/../../../../arm-none-eabi/lib/thumb/v6-m/nofp\libc_nano.a
LOAD c:/st/stm32cubeide_1.11.0/stm32cubeide/plugins/com.st.stm32cube.ide.mcu.externaltools.gnu-tools-for-stm32.10.3-2021.10.win32_1.0.100.202210260954/tools/bin/../lib/gcc/arm-none-eabi/10.3.1/../../../../arm-none-eabi/lib/thumb/v6-m/nofp\libm.a
END GROUP
START GROUP
LOAD c:/st/stm32cubeide_1.11.0/stm32cubeide/plugins/com.st.stm32cube.ide.mcu.externaltools.gnu-tools-for-stm32.10.3-2021.10.win32_1.0.100.202210260954/tools/bin/../lib/gcc/arm-none-eabi/10.3.1/thumb/v6-m/nofp\libgcc.a
LOAD c:/st/stm32cubeide_1.11.0/stm32cubeide/plugins/com.st.stm32cube.ide.mcu.externaltools.gnu-tools-for-stm32.10.3-2021.10.win32_1.0.100.202210260954/tools/bin/../lib/gcc/arm-none-eabi/10.3.1/../../../../arm-none-eabi/lib/thumb/v6-m/nofp\libc_nano.a
END GROUP
START GROUP
LOAD c:/st/stm32cubeide_1.11.0/stm32cubeide/plugins/com.st.stm32cube.ide.mcu.externaltools.gnu-tools-for-stm32.10.3-2021.10.win32_1.0.100.202210260954/tools/bin/../lib/gcc/arm-none-eabi/10.3.1/thumb/v6-m/nofp\libgcc.a
LOAD c:/st/stm32cubeide_1.11.0/stm32cubeide/plugins/com.st.stm32cube.ide.mcu.externaltools.gnu-tools-for-stm32.10.3-2021.10.win32_1.0.100.202210260954/tools/bin/../lib/gcc/arm-none-eabi/10.3.1/../../../../arm-none-eabi/lib/thumb/v6-m/nofp\libc_nano.a
LOAD c:/st/stm32cubeide_1.11.0/stm32cubeide/plugins/com.st.stm32cube.ide.mcu.externaltools.gnu-tools-for-stm32.10.3-2021.10.win32_1.0.100.202210260954/tools/bin/../lib/gcc/arm-none-eabi/10.3.1/../../../../arm-none-eabi/lib/thumb/v6-m/nofp\libnosys.a
END GROUP
START GROUP
LOAD c:/st/stm32cubeide_1.11.0/stm32cubeide/plugins/com.st.stm32cube.ide.mcu.externaltools.gnu-tools-for-stm32.10.3-2021.10.win32_1.0.100.202210260954/tools/bin/../lib/gcc/arm-none-eabi/10.3.1/thumb/v6-m/nofp\libgcc.a
LOAD c:/st/stm32cubeide_1.11.0/stm32cubeide/plugins/com.st.stm32cube.ide.mcu.externaltools.gnu-tools-for-stm32.10.3-2021.10.win32_1.0.100.202210260954/tools/bin/../lib/gcc/arm-none-eabi/10.3.1/../../../../arm-none-eabi/lib/thumb/v6-m/nofp\libc_nano.a
LOAD c:/st/stm32cubeide_1.11.0/stm32cubeide/plugins/com.st.stm32cube.ide.mcu.externaltools.gnu-tools-for-stm32.10.3-2021.10.win32_1.0.100.202210260954/tools/bin/../lib/gcc/arm-none-eabi/10.3.1/../../../../arm-none-eabi/lib/thumb/v6-m/nofp\libnosys.a
END GROUP
LOAD c:/st/stm32cubeide_1.11.0/stm32cubeide/plugins/com.st.stm32cube.ide.mcu.externaltools.gnu-tools-for-stm32.10.3-2021.10.win32_1.0.100.202210260954/tools/bin/../lib/gcc/arm-none-eabi/10.3.1/thumb/v6-m/nofp/crtend.o
LOAD c:/st/stm32cubeide_1.11.0/stm32cubeide/plugins/com.st.stm32cube.ide.mcu.externaltools.gnu-tools-for-stm32.10.3-2021.10.win32_1.0.100.202210260954/tools/bin/../lib/gcc/arm-none-eabi/10.3.1/thumb/v6-m/nofp/crtn.o
                0x0000000020002000                _estack = (ORIGIN (RAM) + LENGTH (RAM))
                0x0000000000000200                _Min_Heap_Size = 0x200
                0x0000000000000400                _Min_Stack_Size = 0x400

.isr_vector     0x0000000008000000       0xc0
                0x0000000008000000                . = ALIGN (0x4)
 *(.isr_vector)
 .isr_vector    0x0000000008000000       0xc0 ./Core/Startup/startup_stm32f030r8tx.o
                0x0000000008000000                g_pfnVectors
                0x00000000080000c0                . = ALIGN (0x4)

.text           0x00000000080000c0     0x2038
                0x00000000080000c0                . = ALIGN (0x4)
 *(.text)
 .text          0x00000000080000c0       0x48 c:/st/stm32cubeide_1.11.0/stm32cubeide/plugins/com.st.stm32cube.ide.mcu.externaltools.gnu-tools-for-stm32.10.3-2021.10.win32_1.0.100.202210260954/tools/bin/../lib/gcc/arm-none-eabi/10.3.1/thumb/v6-m/nofp/crtbegin.o
 .text          0x0000000008000108      0x114 c:/st/stm32cubeide_1.11.0/stm32cubeide/plugins/com.st.stm32cube.ide.mcu.externaltools.gnu-tools-for-stm32.10.3-2021.10.win32_1.0.100.202210260954/tools/bin/../lib/gcc/arm-none-eabi/10.3.1/thumb/v6-m/nofp\libgcc.a(_udivsi3.o)
                0x0000000008000108                __aeabi_uidiv
                0x0000000008000108                __udivsi3
                0x0000000008000214                __aeabi_uidivmod
 .text          0x000000000800021c        0x4 c:/st/stm32cubeide_1.11.0/stm32cubeide/plugins/com.st.stm32cube.ide.mcu.externaltools.gnu-tools-for-stm32.10.3-2021.10.win32_1.0.100.202210260954/tools/bin/../lib/gcc/arm-none-eabi/10.3.1/thumb/v6-m/nofp\libgcc.a(_dvmd_tls.o)
                0x000000000800021c                __aeabi_idiv0
                0x000000000800021c                __aeabi_ldiv0
 *(.text*)
 .text.sendCommand
                0x0000000008000220       0x3c ./Core/Src/main.o
                0x0000000008000220                sendCommand
 .text.LCD_Goto
                0x000000000800025c       0x64 ./Core/Src/main.o
                0x000000000800025c                LCD_Goto
 .text.LCD_Clear
                0x00000000080002c0       0x8c ./Core/Src/main.o
                0x00000000080002c0                LCD_Clear
 .text.LCD_Char
                0x000000000800034c       0x9c ./Core/Src/main.o
                0x000000000800034c                LCD_Char
 .text.OLED_string
                0x00000000080003e8       0x2c ./Core/Src/main.o
                0x00000000080003e8                OLED_string
 .text.OLED_init
                0x0000000008000414       0xa0 ./Core/Src/main.o
                0x0000000008000414                OLED_init
 .text.main     0x00000000080004b4       0x4c ./Core/Src/main.o
                0x00000000080004b4                main
 .text.SystemClock_Config
                0x0000000008000500       0xc2 ./Core/Src/main.o
                0x0000000008000500                SystemClock_Config
 *fill*         0x00000000080005c2        0x2 
 .text.MX_I2C1_Init
                0x00000000080005c4       0x80 ./Core/Src/main.o
 .text.MX_GPIO_Init
                0x0000000008000644       0x84 ./Core/Src/main.o
 .text.Error_Handler
                0x00000000080006c8        0xa ./Core/Src/main.o
                0x00000000080006c8                Error_Handler
 *fill*         0x00000000080006d2        0x2 
 .text.HAL_MspInit
                0x00000000080006d4       0x48 ./Core/Src/stm32f0xx_hal_msp.o
                0x00000000080006d4                HAL_MspInit
 .text.HAL_I2C_MspInit
                0x000000000800071c       0x9c ./Core/Src/stm32f0xx_hal_msp.o
                0x000000000800071c                HAL_I2C_MspInit
 .text.NMI_Handler
                0x00000000080007b8        0x6 ./Core/Src/stm32f0xx_it.o
                0x00000000080007b8                NMI_Handler
 .text.HardFault_Handler
                0x00000000080007be        0x6 ./Core/Src/stm32f0xx_it.o
                0x00000000080007be                HardFault_Handler
 .text.SVC_Handler
                0x00000000080007c4        0xa ./Core/Src/stm32f0xx_it.o
                0x00000000080007c4                SVC_Handler
 .text.PendSV_Handler
                0x00000000080007ce        0xa ./Core/Src/stm32f0xx_it.o
                0x00000000080007ce                PendSV_Handler
 .text.SysTick_Handler
                0x00000000080007d8        0xe ./Core/Src/stm32f0xx_it.o
                0x00000000080007d8                SysTick_Handler
 .text.SystemInit
                0x00000000080007e6        0xa ./Core/Src/system_stm32f0xx.o
                0x00000000080007e6                SystemInit
 .text.Reset_Handler
                0x00000000080007f0       0x50 ./Core/Startup/startup_stm32f030r8tx.o
                0x00000000080007f0                Reset_Handler
 .text.Default_Handler
                0x0000000008000840        0x2 ./Core/Startup/startup_stm32f030r8tx.o
                0x0000000008000840                TIM1_CC_IRQHandler
                0x0000000008000840                TIM6_IRQHandler
                0x0000000008000840                I2C1_IRQHandler
                0x0000000008000840                SPI1_IRQHandler
                0x0000000008000840                EXTI2_3_IRQHandler
                0x0000000008000840                ADC1_IRQHandler
                0x0000000008000840                I2C2_IRQHandler
                0x0000000008000840                TIM17_IRQHandler
                0x0000000008000840                RTC_IRQHandler
                0x0000000008000840                TIM16_IRQHandler
                0x0000000008000840                TIM3_IRQHandler
                0x0000000008000840                EXTI4_15_IRQHandler
                0x0000000008000840                RCC_IRQHandler
                0x0000000008000840                DMA1_Channel1_IRQHandler
                0x0000000008000840                Default_Handler
                0x0000000008000840                TIM14_IRQHandler
                0x0000000008000840                DMA1_Channel4_5_IRQHandler
                0x0000000008000840                TIM15_IRQHandler
                0x0000000008000840                EXTI0_1_IRQHandler
                0x0000000008000840                SPI2_IRQHandler
                0x0000000008000840                WWDG_IRQHandler
                0x0000000008000840                DMA1_Channel2_3_IRQHandler
                0x0000000008000840                USART2_IRQHandler
                0x0000000008000840                FLASH_IRQHandler
                0x0000000008000840                USART1_IRQHandler
                0x0000000008000840                TIM1_BRK_UP_TRG_COM_IRQHandler
 *fill*         0x0000000008000842        0x2 
 .text.HAL_Init
                0x0000000008000844       0x28 ./Drivers/STM32F0xx_HAL_Driver/Src/stm32f0xx_hal.o
                0x0000000008000844                HAL_Init
 .text.HAL_InitTick
                0x000000000800086c       0x68 ./Drivers/STM32F0xx_HAL_Driver/Src/stm32f0xx_hal.o
                0x000000000800086c                HAL_InitTick
 .text.HAL_IncTick
                0x00000000080008d4       0x24 ./Drivers/STM32F0xx_HAL_Driver/Src/stm32f0xx_hal.o
                0x00000000080008d4                HAL_IncTick
 .text.HAL_GetTick
                0x00000000080008f8       0x14 ./Drivers/STM32F0xx_HAL_Driver/Src/stm32f0xx_hal.o
                0x00000000080008f8                HAL_GetTick
 .text.HAL_Delay
                0x000000000800090c       0x48 ./Drivers/STM32F0xx_HAL_Driver/Src/stm32f0xx_hal.o
                0x000000000800090c                HAL_Delay
 .text.__NVIC_SetPriority
                0x0000000008000954       0xdc ./Drivers/STM32F0xx_HAL_Driver/Src/stm32f0xx_hal_cortex.o
 .text.SysTick_Config
                0x0000000008000a30       0x48 ./Drivers/STM32F0xx_HAL_Driver/Src/stm32f0xx_hal_cortex.o
 .text.HAL_NVIC_SetPriority
                0x0000000008000a78       0x2a ./Drivers/STM32F0xx_HAL_Driver/Src/stm32f0xx_hal_cortex.o
                0x0000000008000a78                HAL_NVIC_SetPriority
 .text.HAL_SYSTICK_Config
                0x0000000008000aa2       0x1a ./Drivers/STM32F0xx_HAL_Driver/Src/stm32f0xx_hal_cortex.o
                0x0000000008000aa2                HAL_SYSTICK_Config
 .text.HAL_GPIO_Init
                0x0000000008000abc      0x2e0 ./Drivers/STM32F0xx_HAL_Driver/Src/stm32f0xx_hal_gpio.o
                0x0000000008000abc                HAL_GPIO_Init
 .text.HAL_I2C_Init
                0x0000000008000d9c      0x12c ./Drivers/STM32F0xx_HAL_Driver/Src/stm32f0xx_hal_i2c.o
                0x0000000008000d9c                HAL_I2C_Init
 .text.HAL_I2C_Master_Transmit
                0x0000000008000ec8      0x210 ./Drivers/STM32F0xx_HAL_Driver/Src/stm32f0xx_hal_i2c.o
                0x0000000008000ec8                HAL_I2C_Master_Transmit
 .text.I2C_Flush_TXDR
                0x00000000080010d8       0x44 ./Drivers/STM32F0xx_HAL_Driver/Src/stm32f0xx_hal_i2c.o
 .text.I2C_WaitOnFlagUntilTimeout
                0x000000000800111c       0x9c ./Drivers/STM32F0xx_HAL_Driver/Src/stm32f0xx_hal_i2c.o
 .text.I2C_WaitOnTXISFlagUntilTimeout
                0x00000000080011b8       0x8c ./Drivers/STM32F0xx_HAL_Driver/Src/stm32f0xx_hal_i2c.o
 .text.I2C_WaitOnSTOPFlagUntilTimeout
                0x0000000008001244       0x86 ./Drivers/STM32F0xx_HAL_Driver/Src/stm32f0xx_hal_i2c.o
 *fill*         0x00000000080012ca        0x2 
 .text.I2C_IsErrorOccurred
                0x00000000080012cc      0x200 ./Drivers/STM32F0xx_HAL_Driver/Src/stm32f0xx_hal_i2c.o
 .text.I2C_TransferConfig
                0x00000000080014cc       0x74 ./Drivers/STM32F0xx_HAL_Driver/Src/stm32f0xx_hal_i2c.o
 .text.HAL_I2CEx_ConfigAnalogFilter
                0x0000000008001540       0x98 ./Drivers/STM32F0xx_HAL_Driver/Src/stm32f0xx_hal_i2c_ex.o
                0x0000000008001540                HAL_I2CEx_ConfigAnalogFilter
 .text.HAL_I2CEx_ConfigDigitalFilter
                0x00000000080015d8       0x98 ./Drivers/STM32F0xx_HAL_Driver/Src/stm32f0xx_hal_i2c_ex.o
                0x00000000080015d8                HAL_I2CEx_ConfigDigitalFilter
 .text.HAL_RCC_OscConfig
                0x0000000008001670      0x634 ./Drivers/STM32F0xx_HAL_Driver/Src/stm32f0xx_hal_rcc.o
                0x0000000008001670                HAL_RCC_OscConfig
 .text.HAL_RCC_ClockConfig
                0x0000000008001ca4      0x19c ./Drivers/STM32F0xx_HAL_Driver/Src/stm32f0xx_hal_rcc.o
                0x0000000008001ca4                HAL_RCC_ClockConfig
 .text.HAL_RCC_GetSysClockFreq
                0x0000000008001e40       0xac ./Drivers/STM32F0xx_HAL_Driver/Src/stm32f0xx_hal_rcc.o
                0x0000000008001e40                HAL_RCC_GetSysClockFreq
 .text.HAL_RCCEx_PeriphCLKConfig
                0x0000000008001eec      0x19c ./Drivers/STM32F0xx_HAL_Driver/Src/stm32f0xx_hal_rcc_ex.o
                0x0000000008001eec                HAL_RCCEx_PeriphCLKConfig
 .text.__libc_init_array
                0x0000000008002088       0x48 c:/st/stm32cubeide_1.11.0/stm32cubeide/plugins/com.st.stm32cube.ide.mcu.externaltools.gnu-tools-for-stm32.10.3-2021.10.win32_1.0.100.202210260954/tools/bin/../lib/gcc/arm-none-eabi/10.3.1/../../../../arm-none-eabi/lib/thumb/v6-m/nofp\libc_nano.a(lib_a-init.o)
                0x0000000008002088                __libc_init_array
 .text.memset   0x00000000080020d0       0x10 c:/st/stm32cubeide_1.11.0/stm32cubeide/plugins/com.st.stm32cube.ide.mcu.externaltools.gnu-tools-for-stm32.10.3-2021.10.win32_1.0.100.202210260954/tools/bin/../lib/gcc/arm-none-eabi/10.3.1/../../../../arm-none-eabi/lib/thumb/v6-m/nofp\libc_nano.a(lib_a-memset.o)
                0x00000000080020d0                memset
 *(.glue_7)
 .glue_7        0x00000000080020e0        0x0 linker stubs
 *(.glue_7t)
 .glue_7t       0x00000000080020e0        0x0 linker stubs
 *(.eh_frame)
 .eh_frame      0x00000000080020e0        0x0 c:/st/stm32cubeide_1.11.0/stm32cubeide/plugins/com.st.stm32cube.ide.mcu.externaltools.gnu-tools-for-stm32.10.3-2021.10.win32_1.0.100.202210260954/tools/bin/../lib/gcc/arm-none-eabi/10.3.1/thumb/v6-m/nofp/crtbegin.o
 *(.init)
 .init          0x00000000080020e0        0x4 c:/st/stm32cubeide_1.11.0/stm32cubeide/plugins/com.st.stm32cube.ide.mcu.externaltools.gnu-tools-for-stm32.10.3-2021.10.win32_1.0.100.202210260954/tools/bin/../lib/gcc/arm-none-eabi/10.3.1/thumb/v6-m/nofp/crti.o
                0x00000000080020e0                _init
 .init          0x00000000080020e4        0x8 c:/st/stm32cubeide_1.11.0/stm32cubeide/plugins/com.st.stm32cube.ide.mcu.externaltools.gnu-tools-for-stm32.10.3-2021.10.win32_1.0.100.202210260954/tools/bin/../lib/gcc/arm-none-eabi/10.3.1/thumb/v6-m/nofp/crtn.o
 *(.fini)
 .fini          0x00000000080020ec        0x4 c:/st/stm32cubeide_1.11.0/stm32cubeide/plugins/com.st.stm32cube.ide.mcu.externaltools.gnu-tools-for-stm32.10.3-2021.10.win32_1.0.100.202210260954/tools/bin/../lib/gcc/arm-none-eabi/10.3.1/thumb/v6-m/nofp/crti.o
                0x00000000080020ec                _fini
 .fini          0x00000000080020f0        0x8 c:/st/stm32cubeide_1.11.0/stm32cubeide/plugins/com.st.stm32cube.ide.mcu.externaltools.gnu-tools-for-stm32.10.3-2021.10.win32_1.0.100.202210260954/tools/bin/../lib/gcc/arm-none-eabi/10.3.1/thumb/v6-m/nofp/crtn.o
                0x00000000080020f8                . = ALIGN (0x4)
                0x00000000080020f8                _etext = .

.vfp11_veneer   0x00000000080020f8        0x0
 .vfp11_veneer  0x00000000080020f8        0x0 linker stubs

.v4_bx          0x00000000080020f8        0x0
 .v4_bx         0x00000000080020f8        0x0 linker stubs

.iplt           0x00000000080020f8        0x0
 .iplt          0x00000000080020f8        0x0 c:/st/stm32cubeide_1.11.0/stm32cubeide/plugins/com.st.stm32cube.ide.mcu.externaltools.gnu-tools-for-stm32.10.3-2021.10.win32_1.0.100.202210260954/tools/bin/../lib/gcc/arm-none-eabi/10.3.1/thumb/v6-m/nofp/crtbegin.o

.rodata         0x00000000080020f8       0x50
                0x00000000080020f8                . = ALIGN (0x4)
 *(.rodata)
 .rodata        0x00000000080020f8       0x1e ./Core/Src/main.o
 *(.rodata*)
 *fill*         0x0000000008002116        0x2 
 .rodata.AHBPrescTable
                0x0000000008002118       0x10 ./Core/Src/system_stm32f0xx.o
                0x0000000008002118                AHBPrescTable
 .rodata.aPLLMULFactorTable.1
                0x0000000008002128       0x10 ./Drivers/STM32F0xx_HAL_Driver/Src/stm32f0xx_hal_rcc.o
 .rodata.aPredivFactorTable.0
                0x0000000008002138       0x10 ./Drivers/STM32F0xx_HAL_Driver/Src/stm32f0xx_hal_rcc.o
                0x0000000008002148                . = ALIGN (0x4)

.rel.dyn        0x0000000008002148        0x0
 .rel.iplt      0x0000000008002148        0x0 c:/st/stm32cubeide_1.11.0/stm32cubeide/plugins/com.st.stm32cube.ide.mcu.externaltools.gnu-tools-for-stm32.10.3-2021.10.win32_1.0.100.202210260954/tools/bin/../lib/gcc/arm-none-eabi/10.3.1/thumb/v6-m/nofp/crtbegin.o

.ARM.extab      0x0000000008002148        0x0
                0x0000000008002148                . = ALIGN (0x4)
 *(.ARM.extab* .gnu.linkonce.armextab.*)
                0x0000000008002148                . = ALIGN (0x4)

.ARM            0x0000000008002148        0x0
                0x0000000008002148                . = ALIGN (0x4)
                0x0000000008002148                __exidx_start = .
 *(.ARM.exidx*)
                0x0000000008002148                __exidx_end = .
                0x0000000008002148                . = ALIGN (0x4)

.preinit_array  0x0000000008002148        0x0
                0x0000000008002148                . = ALIGN (0x4)
                0x0000000008002148                PROVIDE (__preinit_array_start = .)
 *(.preinit_array*)
                0x0000000008002148                PROVIDE (__preinit_array_end = .)
                0x0000000008002148                . = ALIGN (0x4)

.init_array     0x0000000008002148        0x4
                0x0000000008002148                . = ALIGN (0x4)
                0x0000000008002148                PROVIDE (__init_array_start = .)
 *(SORT_BY_NAME(.init_array.*))
 *(.init_array*)
 .init_array    0x0000000008002148        0x4 c:/st/stm32cubeide_1.11.0/stm32cubeide/plugins/com.st.stm32cube.ide.mcu.externaltools.gnu-tools-for-stm32.10.3-2021.10.win32_1.0.100.202210260954/tools/bin/../lib/gcc/arm-none-eabi/10.3.1/thumb/v6-m/nofp/crtbegin.o
                0x000000000800214c                PROVIDE (__init_array_end = .)
                0x000000000800214c                . = ALIGN (0x4)

.fini_array     0x000000000800214c        0x4
                0x000000000800214c                . = ALIGN (0x4)
                [!provide]                        PROVIDE (__fini_array_start = .)
 *(SORT_BY_NAME(.fini_array.*))
 *(.fini_array*)
 .fini_array    0x000000000800214c        0x4 c:/st/stm32cubeide_1.11.0/stm32cubeide/plugins/com.st.stm32cube.ide.mcu.externaltools.gnu-tools-for-stm32.10.3-2021.10.win32_1.0.100.202210260954/tools/bin/../lib/gcc/arm-none-eabi/10.3.1/thumb/v6-m/nofp/crtbegin.o
                [!provide]                        PROVIDE (__fini_array_end = .)
                0x0000000008002150                . = ALIGN (0x4)
                0x0000000008002150                _sidata = LOADADDR (.data)

.data           0x0000000020000000      0x5e8 load address 0x0000000008002150
                0x0000000020000000                . = ALIGN (0x4)
                0x0000000020000000                _sdata = .
 *(.data)
 *(.data*)
 .data.LCD_Buffer
                0x0000000020000000      0x5dc ./Core/Src/main.o
                0x0000000020000000                LCD_Buffer
 .data.SystemCoreClock
                0x00000000200005dc        0x4 ./Core/Src/system_stm32f0xx.o
                0x00000000200005dc                SystemCoreClock
 .data.uwTickPrio
                0x00000000200005e0        0x4 ./Drivers/STM32F0xx_HAL_Driver/Src/stm32f0xx_hal.o
                0x00000000200005e0                uwTickPrio
 .data.uwTickFreq
                0x00000000200005e4        0x1 ./Drivers/STM32F0xx_HAL_Driver/Src/stm32f0xx_hal.o
                0x00000000200005e4                uwTickFreq
 *(.RamFunc)
 *(.RamFunc*)
                0x00000000200005e8                . = ALIGN (0x4)
 *fill*         0x00000000200005e5        0x3 
                0x00000000200005e8                _edata = .

.igot.plt       0x00000000200005e8        0x0 load address 0x0000000008002738
 .igot.plt      0x00000000200005e8        0x0 c:/st/stm32cubeide_1.11.0/stm32cubeide/plugins/com.st.stm32cube.ide.mcu.externaltools.gnu-tools-for-stm32.10.3-2021.10.win32_1.0.100.202210260954/tools/bin/../lib/gcc/arm-none-eabi/10.3.1/thumb/v6-m/nofp/crtbegin.o
                0x00000000200005e8                . = ALIGN (0x4)

.bss            0x00000000200005e8       0x84 load address 0x0000000008002738
                0x00000000200005e8                _sbss = .
                0x00000000200005e8                __bss_start__ = _sbss
 *(.bss)
 .bss           0x00000000200005e8       0x1c c:/st/stm32cubeide_1.11.0/stm32cubeide/plugins/com.st.stm32cube.ide.mcu.externaltools.gnu-tools-for-stm32.10.3-2021.10.win32_1.0.100.202210260954/tools/bin/../lib/gcc/arm-none-eabi/10.3.1/thumb/v6-m/nofp/crtbegin.o
 *(.bss*)
 .bss.hi2c1     0x0000000020000604       0x54 ./Core/Src/main.o
                0x0000000020000604                hi2c1
 .bss.temp      0x0000000020000658        0x2 ./Core/Src/main.o
                0x0000000020000658                temp
 *fill*         0x000000002000065a        0x2 
 .bss.temp_char
                0x000000002000065c        0x7 ./Core/Src/main.o
                0x000000002000065c                temp_char
 .bss.LCD_X     0x0000000020000663        0x1 ./Core/Src/main.o
                0x0000000020000663                LCD_X
 .bss.LCD_Y     0x0000000020000664        0x1 ./Core/Src/main.o
                0x0000000020000664                LCD_Y
 *fill*         0x0000000020000665        0x3 
 .bss.uwTick    0x0000000020000668        0x4 ./Drivers/STM32F0xx_HAL_Driver/Src/stm32f0xx_hal.o
                0x0000000020000668                uwTick
 *(COMMON)
                0x000000002000066c                . = ALIGN (0x4)
                0x000000002000066c                _ebss = .
                0x000000002000066c                __bss_end__ = _ebss

._user_heap_stack
                0x000000002000066c      0x604 load address 0x0000000008002738
                0x0000000020000670                . = ALIGN (0x8)
 *fill*         0x000000002000066c        0x4 
                [!provide]                        PROVIDE (end = .)
                0x0000000020000670                PROVIDE (_end = .)
                0x0000000020000870                . = (. + _Min_Heap_Size)
 *fill*         0x0000000020000670      0x200 
                0x0000000020000c70                . = (. + _Min_Stack_Size)
 *fill*         0x0000000020000870      0x400 
                0x0000000020000c70                . = ALIGN (0x8)

/DISCARD/
 libc.a(*)
 libm.a(*)
 libgcc.a(*)

.ARM.attributes
                0x0000000000000000       0x28
 *(.ARM.attributes)
 .ARM.attributes
                0x0000000000000000       0x1e c:/st/stm32cubeide_1.11.0/stm32cubeide/plugins/com.st.stm32cube.ide.mcu.externaltools.gnu-tools-for-stm32.10.3-2021.10.win32_1.0.100.202210260954/tools/bin/../lib/gcc/arm-none-eabi/10.3.1/thumb/v6-m/nofp/crti.o
 .ARM.attributes
                0x000000000000001e       0x2c c:/st/stm32cubeide_1.11.0/stm32cubeide/plugins/com.st.stm32cube.ide.mcu.externaltools.gnu-tools-for-stm32.10.3-2021.10.win32_1.0.100.202210260954/tools/bin/../lib/gcc/arm-none-eabi/10.3.1/thumb/v6-m/nofp/crtbegin.o
 .ARM.attributes
                0x000000000000004a       0x2c ./Core/Src/main.o
 .ARM.attributes
                0x0000000000000076       0x2c ./Core/Src/stm32f0xx_hal_msp.o
 .ARM.attributes
                0x00000000000000a2       0x2c ./Core/Src/stm32f0xx_it.o
 .ARM.attributes
                0x00000000000000ce       0x2c ./Core/Src/system_stm32f0xx.o
 .ARM.attributes
                0x00000000000000fa       0x21 ./Core/Startup/startup_stm32f030r8tx.o
 .ARM.attributes
                0x000000000000011b       0x2c ./Drivers/STM32F0xx_HAL_Driver/Src/stm32f0xx_hal.o
 .ARM.attributes
                0x0000000000000147       0x2c ./Drivers/STM32F0xx_HAL_Driver/Src/stm32f0xx_hal_cortex.o
 .ARM.attributes
                0x0000000000000173       0x2c ./Drivers/STM32F0xx_HAL_Driver/Src/stm32f0xx_hal_gpio.o
 .ARM.attributes
                0x000000000000019f       0x2c ./Drivers/STM32F0xx_HAL_Driver/Src/stm32f0xx_hal_i2c.o
 .ARM.attributes
                0x00000000000001cb       0x2c ./Drivers/STM32F0xx_HAL_Driver/Src/stm32f0xx_hal_i2c_ex.o
 .ARM.attributes
                0x00000000000001f7       0x2c ./Drivers/STM32F0xx_HAL_Driver/Src/stm32f0xx_hal_rcc.o
 .ARM.attributes
                0x0000000000000223       0x2c ./Drivers/STM32F0xx_HAL_Driver/Src/stm32f0xx_hal_rcc_ex.o
 .ARM.attributes
                0x000000000000024f       0x2c c:/st/stm32cubeide_1.11.0/stm32cubeide/plugins/com.st.stm32cube.ide.mcu.externaltools.gnu-tools-for-stm32.10.3-2021.10.win32_1.0.100.202210260954/tools/bin/../lib/gcc/arm-none-eabi/10.3.1/../../../../arm-none-eabi/lib/thumb/v6-m/nofp\libc_nano.a(lib_a-init.o)
 .ARM.attributes
                0x000000000000027b       0x2c c:/st/stm32cubeide_1.11.0/stm32cubeide/plugins/com.st.stm32cube.ide.mcu.externaltools.gnu-tools-for-stm32.10.3-2021.10.win32_1.0.100.202210260954/tools/bin/../lib/gcc/arm-none-eabi/10.3.1/../../../../arm-none-eabi/lib/thumb/v6-m/nofp\libc_nano.a(lib_a-memset.o)
 .ARM.attributes
                0x00000000000002a7       0x1e c:/st/stm32cubeide_1.11.0/stm32cubeide/plugins/com.st.stm32cube.ide.mcu.externaltools.gnu-tools-for-stm32.10.3-2021.10.win32_1.0.100.202210260954/tools/bin/../lib/gcc/arm-none-eabi/10.3.1/thumb/v6-m/nofp\libgcc.a(_udivsi3.o)
 .ARM.attributes
                0x00000000000002c5       0x1e c:/st/stm32cubeide_1.11.0/stm32cubeide/plugins/com.st.stm32cube.ide.mcu.externaltools.gnu-tools-for-stm32.10.3-2021.10.win32_1.0.100.202210260954/tools/bin/../lib/gcc/arm-none-eabi/10.3.1/thumb/v6-m/nofp\libgcc.a(_dvmd_tls.o)
 .ARM.attributes
                0x00000000000002e3       0x1e c:/st/stm32cubeide_1.11.0/stm32cubeide/plugins/com.st.stm32cube.ide.mcu.externaltools.gnu-tools-for-stm32.10.3-2021.10.win32_1.0.100.202210260954/tools/bin/../lib/gcc/arm-none-eabi/10.3.1/thumb/v6-m/nofp/crtn.o
OUTPUT(Oleg-test.elf elf32-littlearm)
LOAD linker stubs
LOAD c:/st/stm32cubeide_1.11.0/stm32cubeide/plugins/com.st.stm32cube.ide.mcu.externaltools.gnu-tools-for-stm32.10.3-2021.10.win32_1.0.100.202210260954/tools/bin/../lib/gcc/arm-none-eabi/10.3.1/../../../../arm-none-eabi/lib/thumb/v6-m/nofp\libc.a
LOAD c:/st/stm32cubeide_1.11.0/stm32cubeide/plugins/com.st.stm32cube.ide.mcu.externaltools.gnu-tools-for-stm32.10.3-2021.10.win32_1.0.100.202210260954/tools/bin/../lib/gcc/arm-none-eabi/10.3.1/../../../../arm-none-eabi/lib/thumb/v6-m/nofp\libm.a
LOAD c:/st/stm32cubeide_1.11.0/stm32cubeide/plugins/com.st.stm32cube.ide.mcu.externaltools.gnu-tools-for-stm32.10.3-2021.10.win32_1.0.100.202210260954/tools/bin/../lib/gcc/arm-none-eabi/10.3.1/thumb/v6-m/nofp\libgcc.a

.debug_info     0x0000000000000000     0x63c2
 .debug_info    0x0000000000000000      0xcba ./Core/Src/main.o
 .debug_info    0x0000000000000cba      0x914 ./Core/Src/stm32f0xx_hal_msp.o
 .debug_info    0x00000000000015ce       0xda ./Core/Src/stm32f0xx_it.o
 .debug_info    0x00000000000016a8      0x269 ./Core/Src/system_stm32f0xx.o
 .debug_info    0x0000000000001911       0x22 ./Core/Startup/startup_stm32f030r8tx.o
 .debug_info    0x0000000000001933      0x6bb ./Drivers/STM32F0xx_HAL_Driver/Src/stm32f0xx_hal.o
 .debug_info    0x0000000000001fee      0x6f9 ./Drivers/STM32F0xx_HAL_Driver/Src/stm32f0xx_hal_cortex.o
 .debug_info    0x00000000000026e7      0x611 ./Drivers/STM32F0xx_HAL_Driver/Src/stm32f0xx_hal_gpio.o
 .debug_info    0x0000000000002cf8     0x2266 ./Drivers/STM32F0xx_HAL_Driver/Src/stm32f0xx_hal_i2c.o
 .debug_info    0x0000000000004f5e      0x85d ./Drivers/STM32F0xx_HAL_Driver/Src/stm32f0xx_hal_i2c_ex.o
 .debug_info    0x00000000000057bb      0x88c ./Drivers/STM32F0xx_HAL_Driver/Src/stm32f0xx_hal_rcc.o
 .debug_info    0x0000000000006047      0x37b ./Drivers/STM32F0xx_HAL_Driver/Src/stm32f0xx_hal_rcc_ex.o

.debug_abbrev   0x0000000000000000     0x147f
 .debug_abbrev  0x0000000000000000      0x2bf ./Core/Src/main.o
 .debug_abbrev  0x00000000000002bf      0x19f ./Core/Src/stm32f0xx_hal_msp.o
 .debug_abbrev  0x000000000000045e       0x74 ./Core/Src/stm32f0xx_it.o
 .debug_abbrev  0x00000000000004d2      0x116 ./Core/Src/system_stm32f0xx.o
 .debug_abbrev  0x00000000000005e8       0x12 ./Core/Startup/startup_stm32f030r8tx.o
 .debug_abbrev  0x00000000000005fa      0x23f ./Drivers/STM32F0xx_HAL_Driver/Src/stm32f0xx_hal.o
 .debug_abbrev  0x0000000000000839      0x283 ./Drivers/STM32F0xx_HAL_Driver/Src/stm32f0xx_hal_cortex.o
 .debug_abbrev  0x0000000000000abc      0x1bb ./Drivers/STM32F0xx_HAL_Driver/Src/stm32f0xx_hal_gpio.o
 .debug_abbrev  0x0000000000000c77      0x25b ./Drivers/STM32F0xx_HAL_Driver/Src/stm32f0xx_hal_i2c.o
 .debug_abbrev  0x0000000000000ed2      0x1c1 ./Drivers/STM32F0xx_HAL_Driver/Src/stm32f0xx_hal_i2c_ex.o
 .debug_abbrev  0x0000000000001093      0x283 ./Drivers/STM32F0xx_HAL_Driver/Src/stm32f0xx_hal_rcc.o
 .debug_abbrev  0x0000000000001316      0x169 ./Drivers/STM32F0xx_HAL_Driver/Src/stm32f0xx_hal_rcc_ex.o

.debug_aranges  0x0000000000000000      0x6b0
 .debug_aranges
                0x0000000000000000       0x80 ./Core/Src/main.o
 .debug_aranges
                0x0000000000000080       0x30 ./Core/Src/stm32f0xx_hal_msp.o
 .debug_aranges
                0x00000000000000b0       0x40 ./Core/Src/stm32f0xx_it.o
 .debug_aranges
                0x00000000000000f0       0x28 ./Core/Src/system_stm32f0xx.o
 .debug_aranges
                0x0000000000000118       0x28 ./Core/Startup/startup_stm32f030r8tx.o
 .debug_aranges
                0x0000000000000140       0xd0 ./Drivers/STM32F0xx_HAL_Driver/Src/stm32f0xx_hal.o
 .debug_aranges
                0x0000000000000210       0xc0 ./Drivers/STM32F0xx_HAL_Driver/Src/stm32f0xx_hal_cortex.o
 .debug_aranges
                0x00000000000002d0       0x58 ./Drivers/STM32F0xx_HAL_Driver/Src/stm32f0xx_hal_gpio.o
 .debug_aranges
                0x0000000000000328      0x2a0 ./Drivers/STM32F0xx_HAL_Driver/Src/stm32f0xx_hal_i2c.o
 .debug_aranges
                0x00000000000005c8       0x38 ./Drivers/STM32F0xx_HAL_Driver/Src/stm32f0xx_hal_i2c_ex.o
 .debug_aranges
                0x0000000000000600       0x80 ./Drivers/STM32F0xx_HAL_Driver/Src/stm32f0xx_hal_rcc.o
 .debug_aranges
                0x0000000000000680       0x30 ./Drivers/STM32F0xx_HAL_Driver/Src/stm32f0xx_hal_rcc_ex.o

.debug_ranges   0x0000000000000000      0x5f8
 .debug_ranges  0x0000000000000000       0x70 ./Core/Src/main.o
 .debug_ranges  0x0000000000000070       0x20 ./Core/Src/stm32f0xx_hal_msp.o
 .debug_ranges  0x0000000000000090       0x30 ./Core/Src/stm32f0xx_it.o
 .debug_ranges  0x00000000000000c0       0x18 ./Core/Src/system_stm32f0xx.o
 .debug_ranges  0x00000000000000d8       0x20 ./Core/Startup/startup_stm32f030r8tx.o
 .debug_ranges  0x00000000000000f8       0xc0 ./Drivers/STM32F0xx_HAL_Driver/Src/stm32f0xx_hal.o
 .debug_ranges  0x00000000000001b8       0xb0 ./Drivers/STM32F0xx_HAL_Driver/Src/stm32f0xx_hal_cortex.o
 .debug_ranges  0x0000000000000268       0x48 ./Drivers/STM32F0xx_HAL_Driver/Src/stm32f0xx_hal_gpio.o
 .debug_ranges  0x00000000000002b0      0x290 ./Drivers/STM32F0xx_HAL_Driver/Src/stm32f0xx_hal_i2c.o
 .debug_ranges  0x0000000000000540       0x28 ./Drivers/STM32F0xx_HAL_Driver/Src/stm32f0xx_hal_i2c_ex.o
 .debug_ranges  0x0000000000000568       0x70 ./Drivers/STM32F0xx_HAL_Driver/Src/stm32f0xx_hal_rcc.o
 .debug_ranges  0x00000000000005d8       0x20 ./Drivers/STM32F0xx_HAL_Driver/Src/stm32f0xx_hal_rcc_ex.o

.debug_macro    0x0000000000000000     0xe68e
 .debug_macro   0x0000000000000000      0x263 ./Core/Src/main.o
 .debug_macro   0x0000000000000263      0xa4e ./Core/Src/main.o
 .debug_macro   0x0000000000000cb1      0x127 ./Core/Src/main.o
 .debug_macro   0x0000000000000dd8       0x2e ./Core/Src/main.o
 .debug_macro   0x0000000000000e06       0x22 ./Core/Src/main.o
 .debug_macro   0x0000000000000e28       0x22 ./Core/Src/main.o
 .debug_macro   0x0000000000000e4a       0x8e ./Core/Src/main.o
 .debug_macro   0x0000000000000ed8       0x51 ./Core/Src/main.o
 .debug_macro   0x0000000000000f29      0x103 ./Core/Src/main.o
 .debug_macro   0x000000000000102c       0x6a ./Core/Src/main.o
 .debug_macro   0x0000000000001096      0x1df ./Core/Src/main.o
 .debug_macro   0x0000000000001275       0x1c ./Core/Src/main.o
 .debug_macro   0x0000000000001291       0x22 ./Core/Src/main.o
 .debug_macro   0x00000000000012b3       0xaf ./Core/Src/main.o
 .debug_macro   0x0000000000001362      0x391 ./Core/Src/main.o
 .debug_macro   0x00000000000016f3     0x6f47 ./Core/Src/main.o
 .debug_macro   0x000000000000863a       0x66 ./Core/Src/main.o
 .debug_macro   0x00000000000086a0     0x34be ./Core/Src/main.o
 .debug_macro   0x000000000000bb5e      0x174 ./Core/Src/main.o
 .debug_macro   0x000000000000bcd2       0x55 ./Core/Src/main.o
 .debug_macro   0x000000000000bd27      0x924 ./Core/Src/main.o
 .debug_macro   0x000000000000c64b      0x17f ./Core/Src/main.o
 .debug_macro   0x000000000000c7ca      0x1ae ./Core/Src/main.o
 .debug_macro   0x000000000000c978       0xd8 ./Core/Src/main.o
 .debug_macro   0x000000000000ca50      0x1a0 ./Core/Src/main.o
 .debug_macro   0x000000000000cbf0      0x1ed ./Core/Src/main.o
 .debug_macro   0x000000000000cddd       0x34 ./Core/Src/main.o
 .debug_macro   0x000000000000ce11       0x43 ./Core/Src/main.o
 .debug_macro   0x000000000000ce54       0x28 ./Core/Src/main.o
 .debug_macro   0x000000000000ce7c       0xb0 ./Core/Src/main.o
 .debug_macro   0x000000000000cf2c      0x199 ./Core/Src/main.o
 .debug_macro   0x000000000000d0c5      0x22c ./Core/Src/main.o
 .debug_macro   0x000000000000d2f1       0x61 ./Core/Src/main.o
 .debug_macro   0x000000000000d352       0xa5 ./Core/Src/main.o
 .debug_macro   0x000000000000d3f7       0x4c ./Core/Src/main.o
 .debug_macro   0x000000000000d443       0x2b ./Core/Src/main.o
 .debug_macro   0x000000000000d46e       0xff ./Core/Src/main.o
 .debug_macro   0x000000000000d56d      0x1a3 ./Core/Src/stm32f0xx_hal_msp.o
 .debug_macro   0x000000000000d710      0x1ad ./Core/Src/stm32f0xx_it.o
 .debug_macro   0x000000000000d8bd      0x199 ./Core/Src/system_stm32f0xx.o
 .debug_macro   0x000000000000da56      0x1bd ./Drivers/STM32F0xx_HAL_Driver/Src/stm32f0xx_hal.o
 .debug_macro   0x000000000000dc13      0x199 ./Drivers/STM32F0xx_HAL_Driver/Src/stm32f0xx_hal_cortex.o
 .debug_macro   0x000000000000ddac      0x1a0 ./Drivers/STM32F0xx_HAL_Driver/Src/stm32f0xx_hal_gpio.o
 .debug_macro   0x000000000000df4c      0x265 ./Drivers/STM32F0xx_HAL_Driver/Src/stm32f0xx_hal_i2c.o
 .debug_macro   0x000000000000e1b1      0x199 ./Drivers/STM32F0xx_HAL_Driver/Src/stm32f0xx_hal_i2c_ex.o
 .debug_macro   0x000000000000e34a      0x1ab ./Drivers/STM32F0xx_HAL_Driver/Src/stm32f0xx_hal_rcc.o
 .debug_macro   0x000000000000e4f5      0x199 ./Drivers/STM32F0xx_HAL_Driver/Src/stm32f0xx_hal_rcc_ex.o

.debug_line     0x0000000000000000     0x8f15
 .debug_line    0x0000000000000000      0x903 ./Core/Src/main.o
 .debug_line    0x0000000000000903      0x6c9 ./Core/Src/stm32f0xx_hal_msp.o
 .debug_line    0x0000000000000fcc      0x6e0 ./Core/Src/stm32f0xx_it.o
 .debug_line    0x00000000000016ac      0x6eb ./Core/Src/system_stm32f0xx.o
 .debug_line    0x0000000000001d97       0x89 ./Core/Startup/startup_stm32f030r8tx.o
 .debug_line    0x0000000000001e20      0x8f6 ./Drivers/STM32F0xx_HAL_Driver/Src/stm32f0xx_hal.o
 .debug_line    0x0000000000002716      0x9a2 ./Drivers/STM32F0xx_HAL_Driver/Src/stm32f0xx_hal_cortex.o
 .debug_line    0x00000000000030b8      0xa71 ./Drivers/STM32F0xx_HAL_Driver/Src/stm32f0xx_hal_gpio.o
 .debug_line    0x0000000000003b29     0x3702 ./Drivers/STM32F0xx_HAL_Driver/Src/stm32f0xx_hal_i2c.o
 .debug_line    0x000000000000722b      0x7b7 ./Drivers/STM32F0xx_HAL_Driver/Src/stm32f0xx_hal_i2c_ex.o
 .debug_line    0x00000000000079e2      0xcde ./Drivers/STM32F0xx_HAL_Driver/Src/stm32f0xx_hal_rcc.o
 .debug_line    0x00000000000086c0      0x855 ./Drivers/STM32F0xx_HAL_Driver/Src/stm32f0xx_hal_rcc_ex.o

.debug_str      0x0000000000000000    0x55e6d
 .debug_str     0x0000000000000000    0x54302 ./Core/Src/main.o
                                      0x5464b (size before relaxing)
 .debug_str     0x0000000000054302       0xd9 ./Core/Src/stm32f0xx_hal_msp.o
                                      0x54123 (size before relaxing)
 .debug_str     0x00000000000543db       0x82 ./Core/Src/stm32f0xx_it.o
                                      0x53b78 (size before relaxing)
 .debug_str     0x000000000005445d       0x8b ./Core/Src/system_stm32f0xx.o
                                      0x53bf0 (size before relaxing)
 .debug_str     0x00000000000544e8       0x36 ./Core/Startup/startup_stm32f030r8tx.o
                                         0x49 (size before relaxing)
 .debug_str     0x000000000005451e      0x4b7 ./Drivers/STM32F0xx_HAL_Driver/Src/stm32f0xx_hal.o
                                      0x54184 (size before relaxing)
 .debug_str     0x00000000000549d5      0x1d2 ./Drivers/STM32F0xx_HAL_Driver/Src/stm32f0xx_hal_cortex.o
                                      0x53f75 (size before relaxing)
 .debug_str     0x0000000000054ba7      0x14f ./Drivers/STM32F0xx_HAL_Driver/Src/stm32f0xx_hal_gpio.o
                                      0x53d91 (size before relaxing)
 .debug_str     0x0000000000054cf6      0xe48 ./Drivers/STM32F0xx_HAL_Driver/Src/stm32f0xx_hal_i2c.o
                                      0x54f51 (size before relaxing)
 .debug_str     0x0000000000055b3e       0x89 ./Drivers/STM32F0xx_HAL_Driver/Src/stm32f0xx_hal_i2c_ex.o
                                      0x54149 (size before relaxing)
 .debug_str     0x0000000000055bc7      0x20f ./Drivers/STM32F0xx_HAL_Driver/Src/stm32f0xx_hal_rcc.o
                                      0x5402c (size before relaxing)
 .debug_str     0x0000000000055dd6       0x97 ./Drivers/STM32F0xx_HAL_Driver/Src/stm32f0xx_hal_rcc_ex.o
                                      0x53d39 (size before relaxing)

.comment        0x0000000000000000       0x50
 .comment       0x0000000000000000       0x50 ./Core/Src/main.o
                                         0x51 (size before relaxing)
 .comment       0x0000000000000050       0x51 ./Core/Src/stm32f0xx_hal_msp.o
 .comment       0x0000000000000050       0x51 ./Core/Src/stm32f0xx_it.o
 .comment       0x0000000000000050       0x51 ./Core/Src/system_stm32f0xx.o
 .comment       0x0000000000000050       0x51 ./Drivers/STM32F0xx_HAL_Driver/Src/stm32f0xx_hal.o
 .comment       0x0000000000000050       0x51 ./Drivers/STM32F0xx_HAL_Driver/Src/stm32f0xx_hal_cortex.o
 .comment       0x0000000000000050       0x51 ./Drivers/STM32F0xx_HAL_Driver/Src/stm32f0xx_hal_gpio.o
 .comment       0x0000000000000050       0x51 ./Drivers/STM32F0xx_HAL_Driver/Src/stm32f0xx_hal_i2c.o
 .comment       0x0000000000000050       0x51 ./Drivers/STM32F0xx_HAL_Driver/Src/stm32f0xx_hal_i2c_ex.o
 .comment       0x0000000000000050       0x51 ./Drivers/STM32F0xx_HAL_Driver/Src/stm32f0xx_hal_rcc.o
 .comment       0x0000000000000050       0x51 ./Drivers/STM32F0xx_HAL_Driver/Src/stm32f0xx_hal_rcc_ex.o

.debug_frame    0x0000000000000000     0x16b4
 .debug_frame   0x0000000000000000      0x1a0 ./Core/Src/main.o
 .debug_frame   0x00000000000001a0       0x70 ./Core/Src/stm32f0xx_hal_msp.o
 .debug_frame   0x0000000000000210       0x9c ./Core/Src/stm32f0xx_it.o
 .debug_frame   0x00000000000002ac       0x4c ./Core/Src/system_stm32f0xx.o
 .debug_frame   0x00000000000002f8      0x2a4 ./Drivers/STM32F0xx_HAL_Driver/Src/stm32f0xx_hal.o
 .debug_frame   0x000000000000059c      0x2a0 ./Drivers/STM32F0xx_HAL_Driver/Src/stm32f0xx_hal_cortex.o
 .debug_frame   0x000000000000083c      0x110 ./Drivers/STM32F0xx_HAL_Driver/Src/stm32f0xx_hal_gpio.o
 .debug_frame   0x000000000000094c      0xa64 ./Drivers/STM32F0xx_HAL_Driver/Src/stm32f0xx_hal_i2c.o
 .debug_frame   0x00000000000013b0       0x90 ./Drivers/STM32F0xx_HAL_Driver/Src/stm32f0xx_hal_i2c_ex.o
 .debug_frame   0x0000000000001440      0x198 ./Drivers/STM32F0xx_HAL_Driver/Src/stm32f0xx_hal_rcc.o
 .debug_frame   0x00000000000015d8       0x70 ./Drivers/STM32F0xx_HAL_Driver/Src/stm32f0xx_hal_rcc_ex.o
 .debug_frame   0x0000000000001648       0x2c c:/st/stm32cubeide_1.11.0/stm32cubeide/plugins/com.st.stm32cube.ide.mcu.externaltools.gnu-tools-for-stm32.10.3-2021.10.win32_1.0.100.202210260954/tools/bin/../lib/gcc/arm-none-eabi/10.3.1/../../../../arm-none-eabi/lib/thumb/v6-m/nofp\libc_nano.a(lib_a-init.o)
 .debug_frame   0x0000000000001674       0x20 c:/st/stm32cubeide_1.11.0/stm32cubeide/plugins/com.st.stm32cube.ide.mcu.externaltools.gnu-tools-for-stm32.10.3-2021.10.win32_1.0.100.202210260954/tools/bin/../lib/gcc/arm-none-eabi/10.3.1/../../../../arm-none-eabi/lib/thumb/v6-m/nofp\libc_nano.a(lib_a-memset.o)
 .debug_frame   0x0000000000001694       0x20 c:/st/stm32cubeide_1.11.0/stm32cubeide/plugins/com.st.stm32cube.ide.mcu.externaltools.gnu-tools-for-stm32.10.3-2021.10.win32_1.0.100.202210260954/tools/bin/../lib/gcc/arm-none-eabi/10.3.1/thumb/v6-m/nofp\libgcc.a(_udivsi3.o)
