../Core/Src/hd44780.c:5:5:strlen	24	static
../Core/Src/hd44780.c:10:6:_delay_ms	16	static
../Core/Src/hd44780.c:15:6:_delay_us	16	static
../Core/Src/hd44780.c:24:6:lcd_init	8	static
../Core/Src/hd44780.c:251:6:lcd_set_user_char	32	static
../Core/Src/hd44780.c:260:6:lcd_set_xyi	16	static
../Core/Src/hd44780.c:268:6:lcd_clear	8	static
../Core/Src/hd44780.c:273:6:lcd_set_state	24	static
../Core/Src/hd44780.c:309:6:lcd_send	16	static
../Core/Src/hd44780.c:400:9:Rus	16	static
../Core/Src/hd44780.c:609:6:lcd_out	24	static
