../Core/Src/main.c:357:6:sendCommand	24	static
../Core/Src/main.c:364:6:sendData	24	static
../Core/Src/main.c:371:6:LCD_Goto	16	static
../Core/Src/main.c:381:6:LCD_Clear	16	static
../Core/Src/main.c:403:6:LCD_Char	32	static
../Core/Src/main.c:432:6:OLED_string	16	static
../Core/Src/main.c:441:6:OLED_num_to_str	16	static
../Core/Src/main.c:454:6:OLED_init	8	static
../Core/Src/main.c:532:5:main	8	static
../Core/Src/main.c:584:6:SystemClock_Config	96	static
../Core/Src/main.c:630:13:MX_I2C1_Init	8	static
../Core/Src/main.c:678:13:MX_GPIO_Init	24	static
../Core/Src/main.c:697:6:Error_Handler	8	static,ignoring_inline_asm
