../Core/Src/MT16S2H.c:6:6:lcdBitMode	16	static
../Core/Src/MT16S2H.c:12:6:lcdInit	8	static
../Core/Src/MT16S2H.c:52:6:lcdClear	8	static
../Core/Src/MT16S2H.c:58:6:sendCmd	16	static
../Core/Src/MT16S2H.c:64:6:sendData	16	static
../Core/Src/MT16S2H.c:70:6:lcdWrite	16	static
../Core/Src/MT16S2H.c:78:6:lcd8bitSend	16	static
../Core/Src/MT16S2H.c:92:6:lcd4bitSend	16	static
../Core/Src/MT16S2H.c:101:6:lcdSend	16	static
../Core/Src/MT16S2H.c:111:6:EnSend	8	static
../Core/Src/MT16S2H.c:119:6:setCursor	24	static
../Core/Src/MT16S2H.c:136:6:cursorOn	8	static
../Core/Src/MT16S2H.c:141:6:blinkOn	8	static
../Core/Src/MT16S2H.c:146:9:Rus	16	static
